2026-01-03 15:02:44,573 - INFO - ======================================================================
2026-01-03 15:02:44,573 - INFO - INITIALIZING TFT+PVLIB FORECASTER
2026-01-03 15:02:44,573 - INFO - ======================================================================
/home/dwijenayake/.venvs/pvforecast/lib/python3.12/site-packages/lightning/pytorch/utilities/parsing.py:209: Attribute 'loss' is an instance of `nn.Module` and is already saved during checkpointing. It is recommended to ignore them using `self.save_hyperparameters(ignore=['loss'])`.
/home/dwijenayake/.venvs/pvforecast/lib/python3.12/site-packages/lightning/pytorch/utilities/parsing.py:209: Attribute 'logging_metrics' is an instance of `nn.Module` and is already saved during checkpointing. It is recommended to ignore them using `self.save_hyperparameters(ignore=['logging_metrics'])`.
/home/dwijenayake/pv_forecast_30d/src/inference/tft_utils.py:330: FutureWarning: You are using `torch.load` with `weights_only=False` (the current default value), which uses the default pickle module implicitly. It is possible to construct malicious pickle data which will execute arbitrary code during unpickling (See https://github.com/pytorch/pytorch/blob/main/SECURITY.md#untrusted-models for more details). In a future release, the default value for `weights_only` will be flipped to `True`. This limits the functions that could be executed during unpickling. Arbitrary objects will no longer be allowed to be loaded via this mode unless they are explicitly allowlisted by the user via `torch.serialization.add_safe_globals`. We recommend you start setting `weights_only=True` for any use case where you don't have full control of the loaded file. Please open an issue on GitHub for any issues related to this experimental feature.
  obj = torch.load(ckpt_path, map_location="cpu")
2026-01-03 15:02:47,845 - INFO - ✓ Forecaster ready

2026-01-03 15:02:47,845 - INFO - ======================================================================
2026-01-03 15:02:47,845 - INFO - STEP 3: RUNNING TFT+PVLIB INFERENCE ON ERA5
2026-01-03 15:02:47,845 - INFO - ======================================================================
2026-01-03 15:02:47,845 - INFO - Loading ERA5 from /home/dwijenayake/pv_forecast_30d/data/processed/era5_2023_2025_extended.parquet
2026-01-03 15:02:47,859 - INFO -   6912 timesteps from 2025-10-21 00:00:00+00:00 to 2025-12-31 23:45:00+00:00
2026-01-03 15:02:47,859 - INFO - 
Forecast parameters:
2026-01-03 15:02:47,860 - INFO -   History: 672 steps (7 days)
2026-01-03 15:02:47,860 - INFO -   Forecast: 2880 steps (30 days)
2026-01-03 15:02:47,860 - INFO -   Stride: 672 steps (7 days)
2026-01-03 15:02:47,860 - INFO -   Total needed per window: 3552 steps
2026-01-03 15:02:47,860 - INFO -   Possible windows: 6

[INFO] Initializing PhysicsAwareForecaster on cuda
[INFO] Loading TFT configurations...
[INFO] Loading training datasets for normalization...
       Short-head dataset: encoder=96, pred=96
       Long-head dataset: encoder=168, pred=720
[INFO] Loading TFT models...
       Short-head model loaded from checkpoints
       Long-head model loaded from checkpoints
[INFO] PVLib predictor ready for plant_03
[INFO] RL Meta-Controller initialized (mode=heuristic)
[INFO] PhysicsAwareForecaster initialized successfully
Running forecasts:   0%|          | 0/6 [00:00<?, ?it/s]/home/dwijenayake/pv_forecast_30d/src/inference/physics_aware_forecaster.py:295: FutureWarning: 'H' is deprecated and will be removed in a future version, please use 'h' instead.
  hourly_hist = historical_df[['timestamp_utc'] + numeric_cols].set_index('timestamp_utc').resample('1H').mean().reset_index()
/home/dwijenayake/pv_forecast_30d/src/inference/physics_aware_forecaster.py:296: FutureWarning: 'H' is deprecated and will be removed in a future version, please use 'h' instead.
  hourly_weather = weather_df[['timestamp_utc'] + numeric_cols].set_index('timestamp_utc').resample('1H').mean().reset_index()
/home/dwijenayake/.venvs/pvforecast/lib/python3.12/site-packages/pvlib/irradiance.py:514: RuntimeWarning: '<' not supported between instances of 'Timestamp' and 'int', sort order is undefined for incomparable objects.
  poa_global = poa_direct + poa_diffuse
/home/dwijenayake/.venvs/pvforecast/lib/python3.12/site-packages/pvlib/irradiance.py:524: RuntimeWarning: '<' not supported between instances of 'Timestamp' and 'int', sort order is undefined for incomparable objects.
  irrads = pd.DataFrame(irrads)
/home/dwijenayake/.venvs/pvforecast/lib/python3.12/site-packages/pvlib/irradiance.py:524: RuntimeWarning: '<' not supported between instances of 'Timestamp' and 'int', sort order is undefined for incomparable objects.
  irrads = pd.DataFrame(irrads)
/home/dwijenayake/.venvs/pvforecast/lib/python3.12/site-packages/pvlib/irradiance.py:524: RuntimeWarning: '<' not supported between instances of 'Timestamp' and 'int', sort order is undefined for incomparable objects.
  irrads = pd.DataFrame(irrads)
/home/dwijenayake/pv_forecast_30d/src/inference/physics_aware_forecaster.py:335: RuntimeWarning: All-NaN slice encountered
  print(f"          PVLib shape: {pvlib_15min.shape}, range: [{np.nanmin(pvlib_15min):.3f}, {np.nanmax(pvlib_15min):.3f}]")
2026-01-03 15:02:47,934 - ERROR -   Window 0: Failed - 'power_norm'
/home/dwijenayake/pv_forecast_30d/src/inference/physics_aware_forecaster.py:295: FutureWarning: 'H' is deprecated and will be removed in a future version, please use 'h' instead.
  hourly_hist = historical_df[['timestamp_utc'] + numeric_cols].set_index('timestamp_utc').resample('1H').mean().reset_index()
/home/dwijenayake/pv_forecast_30d/src/inference/physics_aware_forecaster.py:296: FutureWarning: 'H' is deprecated and will be removed in a future version, please use 'h' instead.
  hourly_weather = weather_df[['timestamp_utc'] + numeric_cols].set_index('timestamp_utc').resample('1H').mean().reset_index()
/home/dwijenayake/.venvs/pvforecast/lib/python3.12/site-packages/pvlib/irradiance.py:514: RuntimeWarning: '<' not supported between instances of 'Timestamp' and 'int', sort order is undefined for incomparable objects.
  poa_global = poa_direct + poa_diffuse
/home/dwijenayake/.venvs/pvforecast/lib/python3.12/site-packages/pvlib/irradiance.py:524: RuntimeWarning: '<' not supported between instances of 'Timestamp' and 'int', sort order is undefined for incomparable objects.
  irrads = pd.DataFrame(irrads)
/home/dwijenayake/.venvs/pvforecast/lib/python3.12/site-packages/pvlib/irradiance.py:524: RuntimeWarning: '<' not supported between instances of 'Timestamp' and 'int', sort order is undefined for incomparable objects.
  irrads = pd.DataFrame(irrads)
/home/dwijenayake/.venvs/pvforecast/lib/python3.12/site-packages/pvlib/irradiance.py:524: RuntimeWarning: '<' not supported between instances of 'Timestamp' and 'int', sort order is undefined for incomparable objects.
  irrads = pd.DataFrame(irrads)
/home/dwijenayake/pv_forecast_30d/src/inference/physics_aware_forecaster.py:335: RuntimeWarning: All-NaN slice encountered
  print(f"          PVLib shape: {pvlib_15min.shape}, range: [{np.nanmin(pvlib_15min):.3f}, {np.nanmax(pvlib_15min):.3f}]")
2026-01-03 15:02:47,999 - ERROR -   Window 1: Failed - 'power_norm'
Running forecasts:  33%|███▎      | 2/6 [00:00<00:00, 14.52it/s]/home/dwijenayake/pv_forecast_30d/src/inference/physics_aware_forecaster.py:295: FutureWarning: 'H' is deprecated and will be removed in a future version, please use 'h' instead.
  hourly_hist = historical_df[['timestamp_utc'] + numeric_cols].set_index('timestamp_utc').resample('1H').mean().reset_index()
/home/dwijenayake/pv_forecast_30d/src/inference/physics_aware_forecaster.py:296: FutureWarning: 'H' is deprecated and will be removed in a future version, please use 'h' instead.
  hourly_weather = weather_df[['timestamp_utc'] + numeric_cols].set_index('timestamp_utc').resample('1H').mean().reset_index()
/home/dwijenayake/.venvs/pvforecast/lib/python3.12/site-packages/pvlib/irradiance.py:514: RuntimeWarning: '<' not supported between instances of 'Timestamp' and 'int', sort order is undefined for incomparable objects.
  poa_global = poa_direct + poa_diffuse
/home/dwijenayake/.venvs/pvforecast/lib/python3.12/site-packages/pvlib/irradiance.py:524: RuntimeWarning: '<' not supported between instances of 'Timestamp' and 'int', sort order is undefined for incomparable objects.
  irrads = pd.DataFrame(irrads)
/home/dwijenayake/.venvs/pvforecast/lib/python3.12/site-packages/pvlib/irradiance.py:524: RuntimeWarning: '<' not supported between instances of 'Timestamp' and 'int', sort order is undefined for incomparable objects.
  irrads = pd.DataFrame(irrads)
/home/dwijenayake/.venvs/pvforecast/lib/python3.12/site-packages/pvlib/irradiance.py:524: RuntimeWarning: '<' not supported between instances of 'Timestamp' and 'int', sort order is undefined for incomparable objects.
  irrads = pd.DataFrame(irrads)
/home/dwijenayake/pv_forecast_30d/src/inference/physics_aware_forecaster.py:335: RuntimeWarning: All-NaN slice encountered
  print(f"          PVLib shape: {pvlib_15min.shape}, range: [{np.nanmin(pvlib_15min):.3f}, {np.nanmax(pvlib_15min):.3f}]")
2026-01-03 15:02:48,063 - ERROR -   Window 2: Failed - 'power_norm'
/home/dwijenayake/pv_forecast_30d/src/inference/physics_aware_forecaster.py:295: FutureWarning: 'H' is deprecated and will be removed in a future version, please use 'h' instead.
  hourly_hist = historical_df[['timestamp_utc'] + numeric_cols].set_index('timestamp_utc').resample('1H').mean().reset_index()
/home/dwijenayake/pv_forecast_30d/src/inference/physics_aware_forecaster.py:296: FutureWarning: 'H' is deprecated and will be removed in a future version, please use 'h' instead.
  hourly_weather = weather_df[['timestamp_utc'] + numeric_cols].set_index('timestamp_utc').resample('1H').mean().reset_index()
/home/dwijenayake/.venvs/pvforecast/lib/python3.12/site-packages/pvlib/irradiance.py:514: RuntimeWarning: '<' not supported between instances of 'Timestamp' and 'int', sort order is undefined for incomparable objects.
  poa_global = poa_direct + poa_diffuse
/home/dwijenayake/.venvs/pvforecast/lib/python3.12/site-packages/pvlib/irradiance.py:524: RuntimeWarning: '<' not supported between instances of 'Timestamp' and 'int', sort order is undefined for incomparable objects.
  irrads = pd.DataFrame(irrads)
/home/dwijenayake/.venvs/pvforecast/lib/python3.12/site-packages/pvlib/irradiance.py:524: RuntimeWarning: '<' not supported between instances of 'Timestamp' and 'int', sort order is undefined for incomparable objects.
  irrads = pd.DataFrame(irrads)
/home/dwijenayake/.venvs/pvforecast/lib/python3.12/site-packages/pvlib/irradiance.py:524: RuntimeWarning: '<' not supported between instances of 'Timestamp' and 'int', sort order is undefined for incomparable objects.
  irrads = pd.DataFrame(irrads)
/home/dwijenayake/pv_forecast_30d/src/inference/physics_aware_forecaster.py:335: RuntimeWarning: All-NaN slice encountered
  print(f"          PVLib shape: {pvlib_15min.shape}, range: [{np.nanmin(pvlib_15min):.3f}, {np.nanmax(pvlib_15min):.3f}]")
2026-01-03 15:02:48,126 - ERROR -   Window 3: Failed - 'power_norm'
Running forecasts:  67%|██████▋   | 4/6 [00:00<00:00, 15.23it/s]/home/dwijenayake/pv_forecast_30d/src/inference/physics_aware_forecaster.py:295: FutureWarning: 'H' is deprecated and will be removed in a future version, please use 'h' instead.
  hourly_hist = historical_df[['timestamp_utc'] + numeric_cols].set_index('timestamp_utc').resample('1H').mean().reset_index()
/home/dwijenayake/pv_forecast_30d/src/inference/physics_aware_forecaster.py:296: FutureWarning: 'H' is deprecated and will be removed in a future version, please use 'h' instead.
  hourly_weather = weather_df[['timestamp_utc'] + numeric_cols].set_index('timestamp_utc').resample('1H').mean().reset_index()
/home/dwijenayake/.venvs/pvforecast/lib/python3.12/site-packages/pvlib/irradiance.py:514: RuntimeWarning: '<' not supported between instances of 'Timestamp' and 'int', sort order is undefined for incomparable objects.
  poa_global = poa_direct + poa_diffuse
/home/dwijenayake/.venvs/pvforecast/lib/python3.12/site-packages/pvlib/irradiance.py:524: RuntimeWarning: '<' not supported between instances of 'Timestamp' and 'int', sort order is undefined for incomparable objects.
  irrads = pd.DataFrame(irrads)
/home/dwijenayake/.venvs/pvforecast/lib/python3.12/site-packages/pvlib/irradiance.py:524: RuntimeWarning: '<' not supported between instances of 'Timestamp' and 'int', sort order is undefined for incomparable objects.
  irrads = pd.DataFrame(irrads)
/home/dwijenayake/.venvs/pvforecast/lib/python3.12/site-packages/pvlib/irradiance.py:524: RuntimeWarning: '<' not supported between instances of 'Timestamp' and 'int', sort order is undefined for incomparable objects.
  irrads = pd.DataFrame(irrads)
/home/dwijenayake/pv_forecast_30d/src/inference/physics_aware_forecaster.py:335: RuntimeWarning: All-NaN slice encountered
  print(f"          PVLib shape: {pvlib_15min.shape}, range: [{np.nanmin(pvlib_15min):.3f}, {np.nanmax(pvlib_15min):.3f}]")
2026-01-03 15:02:48,189 - ERROR -   Window 4: Failed - 'power_norm'
/home/dwijenayake/pv_forecast_30d/src/inference/physics_aware_forecaster.py:295: FutureWarning: 'H' is deprecated and will be removed in a future version, please use 'h' instead.
  hourly_hist = historical_df[['timestamp_utc'] + numeric_cols].set_index('timestamp_utc').resample('1H').mean().reset_index()
/home/dwijenayake/pv_forecast_30d/src/inference/physics_aware_forecaster.py:296: FutureWarning: 'H' is deprecated and will be removed in a future version, please use 'h' instead.
  hourly_weather = weather_df[['timestamp_utc'] + numeric_cols].set_index('timestamp_utc').resample('1H').mean().reset_index()
/home/dwijenayake/.venvs/pvforecast/lib/python3.12/site-packages/pvlib/irradiance.py:514: RuntimeWarning: '<' not supported between instances of 'Timestamp' and 'int', sort order is undefined for incomparable objects.
  poa_global = poa_direct + poa_diffuse
/home/dwijenayake/.venvs/pvforecast/lib/python3.12/site-packages/pvlib/irradiance.py:524: RuntimeWarning: '<' not supported between instances of 'Timestamp' and 'int', sort order is undefined for incomparable objects.
  irrads = pd.DataFrame(irrads)
/home/dwijenayake/.venvs/pvforecast/lib/python3.12/site-packages/pvlib/irradiance.py:524: RuntimeWarning: '<' not supported between instances of 'Timestamp' and 'int', sort order is undefined for incomparable objects.
  irrads = pd.DataFrame(irrads)
/home/dwijenayake/.venvs/pvforecast/lib/python3.12/site-packages/pvlib/irradiance.py:524: RuntimeWarning: '<' not supported between instances of 'Timestamp' and 'int', sort order is undefined for incomparable objects.
  irrads = pd.DataFrame(irrads)
/home/dwijenayake/pv_forecast_30d/src/inference/physics_aware_forecaster.py:335: RuntimeWarning: All-NaN slice encountered
  print(f"          PVLib shape: {pvlib_15min.shape}, range: [{np.nanmin(pvlib_15min):.3f}, {np.nanmax(pvlib_15min):.3f}]")
2026-01-03 15:02:48,253 - ERROR -   Window 5: Failed - 'power_norm'
Running forecasts: 100%|██████████| 6/6 [00:00<00:00, 15.45it/s]Running forecasts: 100%|██████████| 6/6 [00:00<00:00, 15.31it/s]
2026-01-03 15:02:48,253 - INFO - 
✓ Completed 0 forecasts
2026-01-03 15:02:48,254 - ERROR - No forecasts generated!

[INFO] Hierarchical 30-day forecast starting 2025-10-28 00:00:00+00:00
       Architecture: Long-head (strategic) + 30× Short-head (tactical) + Physics

[PREP] Preparing data for multi-resolution inference...
       Input frequency detected: 15min
       Resampling to hourly for long-head...
       Hourly shape: historical=(168, 22), weather=(720, 22)

[STEP 1/4] Computing PVLib physics baseline (2880 steps @ 15-min)...
          Weather window: 2880 steps (2025-10-28 00:00:00+00:00 → 2025-11-26 23:45:00+00:00)
          Computing fresh PVLib predictions...
          PVLib shape: (5760,), range: [nan, nan]

[STEP 2/4] Running long-head TFT (strategic: 720 hours @ 1-hour)...

[INFO] Hierarchical 30-day forecast starting 2025-11-04 00:00:00+00:00
       Architecture: Long-head (strategic) + 30× Short-head (tactical) + Physics

[PREP] Preparing data for multi-resolution inference...
       Input frequency detected: 15min
       Resampling to hourly for long-head...
       Hourly shape: historical=(168, 22), weather=(720, 22)

[STEP 1/4] Computing PVLib physics baseline (2880 steps @ 15-min)...
          Weather window: 2880 steps (2025-11-04 00:00:00+00:00 → 2025-12-03 23:45:00+00:00)
          Computing fresh PVLib predictions...
          PVLib shape: (5760,), range: [nan, nan]

[STEP 2/4] Running long-head TFT (strategic: 720 hours @ 1-hour)...

[INFO] Hierarchical 30-day forecast starting 2025-11-11 00:00:00+00:00
       Architecture: Long-head (strategic) + 30× Short-head (tactical) + Physics

[PREP] Preparing data for multi-resolution inference...
       Input frequency detected: 15min
       Resampling to hourly for long-head...
       Hourly shape: historical=(168, 22), weather=(720, 22)

[STEP 1/4] Computing PVLib physics baseline (2880 steps @ 15-min)...
          Weather window: 2880 steps (2025-11-11 00:00:00+00:00 → 2025-12-10 23:45:00+00:00)
          Computing fresh PVLib predictions...
          PVLib shape: (5760,), range: [nan, nan]

[STEP 2/4] Running long-head TFT (strategic: 720 hours @ 1-hour)...

[INFO] Hierarchical 30-day forecast starting 2025-11-18 00:00:00+00:00
       Architecture: Long-head (strategic) + 30× Short-head (tactical) + Physics

[PREP] Preparing data for multi-resolution inference...
       Input frequency detected: 15min
       Resampling to hourly for long-head...
       Hourly shape: historical=(168, 22), weather=(720, 22)

[STEP 1/4] Computing PVLib physics baseline (2880 steps @ 15-min)...
          Weather window: 2880 steps (2025-11-18 00:00:00+00:00 → 2025-12-17 23:45:00+00:00)
          Computing fresh PVLib predictions...
          PVLib shape: (5760,), range: [nan, nan]

[STEP 2/4] Running long-head TFT (strategic: 720 hours @ 1-hour)...

[INFO] Hierarchical 30-day forecast starting 2025-11-25 00:00:00+00:00
       Architecture: Long-head (strategic) + 30× Short-head (tactical) + Physics

[PREP] Preparing data for multi-resolution inference...
       Input frequency detected: 15min
       Resampling to hourly for long-head...
       Hourly shape: historical=(168, 22), weather=(720, 22)

[STEP 1/4] Computing PVLib physics baseline (2880 steps @ 15-min)...
          Weather window: 2880 steps (2025-11-25 00:00:00+00:00 → 2025-12-24 23:45:00+00:00)
          Computing fresh PVLib predictions...
          PVLib shape: (5760,), range: [nan, nan]

[STEP 2/4] Running long-head TFT (strategic: 720 hours @ 1-hour)...

[INFO] Hierarchical 30-day forecast starting 2025-12-02 00:00:00+00:00
       Architecture: Long-head (strategic) + 30× Short-head (tactical) + Physics

[PREP] Preparing data for multi-resolution inference...
       Input frequency detected: 15min
       Resampling to hourly for long-head...
       Hourly shape: historical=(168, 22), weather=(720, 22)

[STEP 1/4] Computing PVLib physics baseline (2880 steps @ 15-min)...
          Weather window: 2880 steps (2025-12-02 00:00:00+00:00 → 2025-12-31 23:45:00+00:00)
          Computing fresh PVLib predictions...
          PVLib shape: (5760,), range: [nan, nan]

[STEP 2/4] Running long-head TFT (strategic: 720 hours @ 1-hour)...
